// Jest Snapshot v1, https://goo.gl/fbAQLP

exports[`Styles should match snapshot 1`] = `
{
  "borderBox": {
    "backgroundColor": "lightgrey",
    "borderColor": "lightgrey",
    "borderRadius": 20,
    "borderWidth": 4,
    "marginBottom": 20,
    "paddingLeft": 20,
    "paddingVertical": 15,
  },
  "borderBoxExtended": {
    "backgroundColor": "lightgrey",
    "borderColor": "lightgrey",
    "borderTopLeftRadius": 20,
    "borderTopRightRadius": 20,
    "borderWidth": 4,
    "paddingLeft": 20,
    "paddingVertical": 15,
  },
  "box": {
    "alignItems": "center",
    "borderColor": "#ddd",
    "borderRadius": 10,
    "borderWidth": 1,
    "height": 50,
    "justifyContent": "center",
    "margin": 3,
    "width": 50,
  },
  "buttonlarge": {
    "backgroundColor": "lightgrey",
    "borderRadius": 12,
    "justifyContent": "center",
    "marginVertical": 10,
    "paddingHorizontal": 20,
    "paddingVertical": 9,
  },
  "buttonlargetext": {
    "fontSize": 20,
    "fontWeight": "bold",
    "textAlign": "center",
  },
  "buttonmedium": {
    "backgroundColor": "lightgrey",
    "borderRadius": 12,
    "flex": 1,
    "justifyContent": "center",
    "marginHorizontal": 5,
    "marginVertical": 10,
    "paddingHorizontal": 20,
    "paddingVertical": 9,
  },
  "buttonsmall": {
    "marginBottom": "3%",
  },
  "buttonsmalltext": {
    "color": "#339C54",
    "fontSize": 17,
    "fontWeight": "bold",
    "textAlign": "right",
    "textDecorationLine": "underline",
  },
  "centeredView": {
    "alignItems": "center",
    "flex": 1,
    "justifyContent": "center",
    "marginTop": 22,
  },
  "h1": {
    "fontSize": 30,
    "fontWeight": "bold",
    "textAlign": "left",
  },
  "h2": {
    "fontSize": 24,
    "fontWeight": "bold",
  },
  "h3": {
    "fontSize": 19,
    "fontWeight": "bold",
  },
  "head": {
    "height": 130,
    "justifyContent": "center",
    "marginTop": 20,
  },
  "modalView": {
    "alignItems": "center",
    "backgroundColor": "white",
    "borderRadius": 20,
    "elevation": 5,
    "height": 300,
    "margin": 20,
    "padding": 20,
  },
  "routeExtension": {
    "backgroundColor": "lightgrey",
    "borderBottomLeftRadius": 20,
    "borderBottomRightRadius": 20,
    "borderBottomWidth": 4,
    "borderColor": "lightgrey",
    "borderEndWidth": 4,
    "borderStartWidth": 4,
    "height": 188,
    "marginBottom": 20,
  },
  "selectedButton": {
    "backgroundColor": "#484848",
  },
  "text": {
    "fontSize": 17,
    "fontWeight": "medium",
  },
  "textinput": {
    "borderColor": "#B9B9B9",
    "borderRadius": 16,
    "borderWidth": 3,
    "marginBottom": 20,
    "padding": 9,
  },
}
`;
